22:08:57.988 [main] INFO org.springframework.test.context.support.AnnotationConfigContextLoaderUtils -- Could not detect default configuration classes for test class [dev.example.payments.acceptance.RefundAcceptanceTest]: RefundAcceptanceTest does not declare any static, non-private, non-final, nested classes annotated with @Configuration.
22:08:58.079 [main] INFO org.springframework.boot.test.context.SpringBootTestContextBootstrapper -- Found @SpringBootConfiguration dev.example.payments.PaymentsApplication for test class dev.example.payments.acceptance.RefundAcceptanceTest
22:08:58.127 [main] INFO org.springframework.test.context.support.AnnotationConfigContextLoaderUtils -- Could not detect default configuration classes for test class [dev.example.payments.acceptance.RefundAcceptanceTest]: RefundAcceptanceTest does not declare any static, non-private, non-final, nested classes annotated with @Configuration.
22:08:58.129 [main] INFO org.springframework.boot.test.context.SpringBootTestContextBootstrapper -- Found @SpringBootConfiguration dev.example.payments.PaymentsApplication for test class dev.example.payments.acceptance.RefundAcceptanceTest

  .   ____          _            __ _ _
 /\\ / ___'_ __ _ _(_)_ __  __ _ \ \ \ \
( ( )\___ | '_ | '_| | '_ \/ _` | \ \ \ \
 \\/  ___)| |_)| | | | | || (_| |  ) ) ) )
  '  |____| .__|_| |_|_| |_\__, | / / / /
 =========|_|==============|___/=/_/_/_/

 :: Spring Boot ::                (v4.1.1)

2026-09-28T22:08:58.327+02:00  INFO 57073 --- [payments] [           main] d.e.p.acceptance.RefundAcceptanceTest    : Starting RefundAcceptanceTest using Java 25.0.4 with PID 57073 (started by developer in /private/var/folders/h_/06_ktbkn4nsg27pdm9xf9gg40000gn/T/variant-race-110qtlvs/service)
2026-09-28T22:08:58.328+02:00  INFO 57073 --- [payments] [           main] d.e.p.acceptance.RefundAcceptanceTest    : No active profile set, falling back to 1 default profile: "default"
2026-09-28T22:08:58.990+02:00  INFO 57073 --- [payments] [           main] o.s.boot.tomcat.TomcatWebServer          : Tomcat initialized with port 0 (http)
2026-09-28T22:08:59.000+02:00  INFO 57073 --- [payments] [           main] o.apache.catalina.core.StandardService   : Starting service [Tomcat]
2026-09-28T22:08:59.000+02:00  INFO 57073 --- [payments] [           main] o.apache.catalina.core.StandardEngine    : Starting Servlet engine: [Apache Tomcat/11.0.26]
2026-09-28T22:08:59.021+02:00  INFO 57073 --- [payments] [           main] b.w.c.s.WebApplicationContextInitializer : Root WebApplicationContext: initialization completed in 681 ms
2026-09-28T22:08:59.095+02:00  INFO 57073 --- [payments] [           main] com.zaxxer.hikari.HikariDataSource       : HikariPool-1 - Starting...
2026-09-28T22:08:59.215+02:00  INFO 57073 --- [payments] [           main] com.zaxxer.hikari.pool.HikariPool        : HikariPool-1 - Added connection org.postgresql.jdbc.PgConnection@221ca495
2026-09-28T22:08:59.215+02:00  INFO 57073 --- [payments] [           main] com.zaxxer.hikari.HikariDataSource       : HikariPool-1 - Start completed.
2026-09-28T22:08:59.432+02:00  INFO 57073 --- [payments] [           main] o.s.boot.tomcat.TomcatWebServer          : Tomcat started on port 57227 (http) with context path '/'
2026-09-28T22:08:59.443+02:00  INFO 57073 --- [payments] [           main] d.e.p.acceptance.RefundAcceptanceTest    : Started RefundAcceptanceTest in 1.273 seconds (process running for 2.094)
Mockito is currently self-attaching to enable the inline-mock-maker. This will no longer work in future releases of the JDK. Please add Mockito as an agent to your build as described in Mockito's documentation: https://javadoc.io/doc/org.mockito/mockito-core/latest/org.mockito/org/mockito/Mockito.html#0.3
OpenJDK 64-Bit Server VM warning: Sharing is only supported for boot loader classes because bootstrap classpath has been appended
WARNING: A Java agent has been loaded dynamically (/Users/developer/.m2/repository/net/bytebuddy/byte-buddy-agent/1.18.11/byte-buddy-agent-1.18.11.jar)
WARNING: If a serviceability tool is in use, please run with -XX:+EnableDynamicAgentLoading to hide this warning
WARNING: If a serviceability tool is not in use, please run with -Djdk.instrument.traceUsage for more information
WARNING: Dynamic loading of agents will be disallowed by default in a future release
2026-09-28T22:09:00.082+02:00  INFO 57073 --- [payments] [o-auto-1-exec-1] o.a.c.c.C.[Tomcat].[localhost].[/]       : Initializing Spring DispatcherServlet 'dispatcherServlet'
2026-09-28T22:09:00.083+02:00  INFO 57073 --- [payments] [o-auto-1-exec-1] o.s.web.servlet.DispatcherServlet        : Initializing Servlet 'dispatcherServlet'
2026-09-28T22:09:00.084+02:00  INFO 57073 --- [payments] [o-auto-1-exec-1] o.s.web.servlet.DispatcherServlet        : Completed initialization in 0 ms
