21:54:34.206 [main] INFO org.springframework.test.context.support.AnnotationConfigContextLoaderUtils -- Could not detect default configuration classes for test class [dev.example.payments.acceptance.RefundAcceptanceTest]: RefundAcceptanceTest does not declare any static, non-private, non-final, nested classes annotated with @Configuration.
21:54:34.307 [main] INFO org.springframework.boot.test.context.SpringBootTestContextBootstrapper -- Found @SpringBootConfiguration dev.example.payments.PaymentsApplication for test class dev.example.payments.acceptance.RefundAcceptanceTest
21:54:34.357 [main] INFO org.springframework.test.context.support.AnnotationConfigContextLoaderUtils -- Could not detect default configuration classes for test class [dev.example.payments.acceptance.RefundAcceptanceTest]: RefundAcceptanceTest does not declare any static, non-private, non-final, nested classes annotated with @Configuration.
21:54:34.359 [main] INFO org.springframework.boot.test.context.SpringBootTestContextBootstrapper -- Found @SpringBootConfiguration dev.example.payments.PaymentsApplication for test class dev.example.payments.acceptance.RefundAcceptanceTest

  .   ____          _            __ _ _
 /\\ / ___'_ __ _ _(_)_ __  __ _ \ \ \ \
( ( )\___ | '_ | '_| | '_ \/ _` | \ \ \ \
 \\/  ___)| |_)| | | | | || (_| |  ) ) ) )
  '  |____| .__|_| |_|_| |_\__, | / / / /
 =========|_|==============|___/=/_/_/_/

 :: Spring Boot ::                (v4.1.1)

2026-09-28T21:54:34.570+02:00  INFO 48182 --- [payments] [           main] d.e.p.acceptance.RefundAcceptanceTest    : Starting RefundAcceptanceTest using Java 25.0.4 with PID 48182 (started by developer in /private/var/folders/h_/06_ktbkn4nsg27pdm9xf9gg40000gn/T/variant-calibration-layering-1coyv6qg/service)
2026-09-28T21:54:34.571+02:00  INFO 48182 --- [payments] [           main] d.e.p.acceptance.RefundAcceptanceTest    : No active profile set, falling back to 1 default profile: "default"
2026-09-28T21:54:35.340+02:00  INFO 48182 --- [payments] [           main] o.s.boot.tomcat.TomcatWebServer          : Tomcat initialized with port 0 (http)
2026-09-28T21:54:35.354+02:00  INFO 48182 --- [payments] [           main] o.apache.catalina.core.StandardService   : Starting service [Tomcat]
2026-09-28T21:54:35.354+02:00  INFO 48182 --- [payments] [           main] o.apache.catalina.core.StandardEngine    : Starting Servlet engine: [Apache Tomcat/11.0.26]
2026-09-28T21:54:35.382+02:00  INFO 48182 --- [payments] [           main] b.w.c.s.WebApplicationContextInitializer : Root WebApplicationContext: initialization completed in 797 ms
2026-09-28T21:54:35.471+02:00  INFO 48182 --- [payments] [           main] com.zaxxer.hikari.HikariDataSource       : HikariPool-1 - Starting...
2026-09-28T21:54:35.704+02:00  INFO 48182 --- [payments] [           main] com.zaxxer.hikari.pool.HikariPool        : HikariPool-1 - Added connection org.postgresql.jdbc.PgConnection@3b6c2be6
2026-09-28T21:54:35.705+02:00  INFO 48182 --- [payments] [           main] com.zaxxer.hikari.HikariDataSource       : HikariPool-1 - Start completed.
2026-09-28T21:54:35.979+02:00  INFO 48182 --- [payments] [           main] o.s.boot.tomcat.TomcatWebServer          : Tomcat started on port 55338 (http) with context path '/'
2026-09-28T21:54:35.984+02:00  INFO 48182 --- [payments] [           main] d.e.p.acceptance.RefundAcceptanceTest    : Started RefundAcceptanceTest in 1.587 seconds (process running for 2.531)
Mockito is currently self-attaching to enable the inline-mock-maker. This will no longer work in future releases of the JDK. Please add Mockito as an agent to your build as described in Mockito's documentation: https://javadoc.io/doc/org.mockito/mockito-core/latest/org.mockito/org/mockito/Mockito.html#0.3
WARNING: A Java agent has been loaded dynamically (/Users/developer/.m2/repository/net/bytebuddy/byte-buddy-agent/1.18.11/byte-buddy-agent-1.18.11.jar)
WARNING: If a serviceability tool is in use, please run with -XX:+EnableDynamicAgentLoading to hide this warning
WARNING: If a serviceability tool is not in use, please run with -Djdk.instrument.traceUsage for more information
WARNING: Dynamic loading of agents will be disallowed by default in a future release
OpenJDK 64-Bit Server VM warning: Sharing is only supported for boot loader classes because bootstrap classpath has been appended
2026-09-28T21:54:36.839+02:00  INFO 48182 --- [payments] [o-auto-1-exec-1] o.a.c.c.C.[Tomcat].[localhost].[/]       : Initializing Spring DispatcherServlet 'dispatcherServlet'
2026-09-28T21:54:36.840+02:00  INFO 48182 --- [payments] [o-auto-1-exec-1] o.s.web.servlet.DispatcherServlet        : Initializing Servlet 'dispatcherServlet'
2026-09-28T21:54:36.842+02:00  INFO 48182 --- [payments] [o-auto-1-exec-1] o.s.web.servlet.DispatcherServlet        : Completed initialization in 2 ms
[ERROR] Tests run: 11, Failures: 10, Errors: 0, Skipped: 0, Time elapsed: 3.406 s <<< FAILURE! -- in dev.example.payments.acceptance.RefundAcceptanceTest
[ERROR] dev.example.payments.acceptance.RefundAcceptanceTest.anotherCustomersReceiptIsNotFound -- Time elapsed: 0.967 s <<< FAILURE!
org.opentest4j.AssertionFailedError: 

expected: 201
 but was: 404
	at dev.example.payments.acceptance.RefundAcceptanceTest.refundFor(RefundAcceptanceTest.java:144)
	at dev.example.payments.acceptance.RefundAcceptanceTest.anotherCustomersReceiptIsNotFound(RefundAcceptanceTest.java:137)

[ERROR] dev.example.payments.acceptance.RefundAcceptanceTest.secondRefundForTheSamePaymentConflicts -- Time elapsed: 0.059 s <<< FAILURE!
org.opentest4j.AssertionFailedError: 

expected: 409
 but was: 404
	at dev.example.payments.acceptance.RefundAcceptanceTest.secondRefundForTheSamePaymentConflicts(RefundAcceptanceTest.java:73)

[ERROR] dev.example.payments.acceptance.RefundAcceptanceTest.bankTransferInsideThirtyDays -- Time elapsed: 0.048 s <<< FAILURE!
org.opentest4j.AssertionFailedError: 

expected: 201
 but was: 404
	at dev.example.payments.acceptance.RefundAcceptanceTest.bankTransferInsideThirtyDays(RefundAcceptanceTest.java:60)

[ERROR] dev.example.payments.acceptance.RefundAcceptanceTest.bankTransferAfterThirtyDaysIsRefused -- Time elapsed: 0.058 s <<< FAILURE!
org.opentest4j.AssertionFailedError: 

expected: 422
 but was: 404
	at dev.example.payments.acceptance.RefundAcceptanceTest.bankTransferAfterThirtyDaysIsRefused(RefundAcceptanceTest.java:66)

[ERROR] dev.example.payments.acceptance.RefundAcceptanceTest.approvingTwicePaysOnce -- Time elapsed: 0.039 s <<< FAILURE!
org.opentest4j.AssertionFailedError: 

expected: 201
 but was: 404
	at dev.example.payments.acceptance.RefundAcceptanceTest.refundFor(RefundAcceptanceTest.java:144)
	at dev.example.payments.acceptance.RefundAcceptanceTest.approvingTwicePaysOnce(RefundAcceptanceTest.java:86)

[ERROR] dev.example.payments.acceptance.RefundAcceptanceTest.ownReceipt -- Time elapsed: 0.034 s <<< FAILURE!
org.opentest4j.AssertionFailedError: 

expected: 201
 but was: 404
	at dev.example.payments.acceptance.RefundAcceptanceTest.refundFor(RefundAcceptanceTest.java:144)
	at dev.example.payments.acceptance.RefundAcceptanceTest.ownReceipt(RefundAcceptanceTest.java:129)

[ERROR] dev.example.payments.acceptance.RefundAcceptanceTest.listingIncludesTheMerchantName -- Time elapsed: 0.087 s <<< FAILURE!
org.opentest4j.AssertionFailedError: 

expected: 201
 but was: 404
	at dev.example.payments.acceptance.RefundAcceptanceTest.refundFor(RefundAcceptanceTest.java:144)
	at dev.example.payments.acceptance.RefundAcceptanceTest.listingIncludesTheMerchantName(RefundAcceptanceTest.java:107)

[ERROR] dev.example.payments.acceptance.RefundAcceptanceTest.twoStaffApprovingAtTheSameMomentPayOnce -- Time elapsed: 0.070 s <<< FAILURE!
org.opentest4j.AssertionFailedError: 

expected: 201
 but was: 404
	at dev.example.payments.acceptance.RefundAcceptanceTest.refundFor(RefundAcceptanceTest.java:144)
	at dev.example.payments.acceptance.RefundAcceptanceTest.twoStaffApprovingAtTheSameMomentPayOnce(RefundAcceptanceTest.java:94)

[ERROR] dev.example.payments.acceptance.RefundAcceptanceTest.cardAfterFourteenDaysIsRefused -- Time elapsed: 0.053 s <<< FAILURE!
org.opentest4j.AssertionFailedError: 

expected: 422
 but was: 404
	at dev.example.payments.acceptance.RefundAcceptanceTest.cardAfterFourteenDaysIsRefused(RefundAcceptanceTest.java:54)

[ERROR] dev.example.payments.acceptance.RefundAcceptanceTest.cardInsideFourteenDays -- Time elapsed: 0.053 s <<< FAILURE!
org.opentest4j.AssertionFailedError: 

expected: 201
 but was: 404
	at dev.example.payments.acceptance.RefundAcceptanceTest.cardInsideFourteenDays(RefundAcceptanceTest.java:48)

[ERROR] Failures: 
[ERROR]   RefundAcceptanceTest.anotherCustomersReceiptIsNotFound:137->refundFor:144 
expected: 201
 but was: 404
[ERROR]   RefundAcceptanceTest.approvingTwicePaysOnce:86->refundFor:144 
expected: 201
 but was: 404
[ERROR]   RefundAcceptanceTest.bankTransferAfterThirtyDaysIsRefused:66 
expected: 422
 but was: 404
[ERROR]   RefundAcceptanceTest.bankTransferInsideThirtyDays:60 
expected: 201
 but was: 404
[ERROR]   RefundAcceptanceTest.cardAfterFourteenDaysIsRefused:54 
expected: 422
 but was: 404
[ERROR]   RefundAcceptanceTest.cardInsideFourteenDays:48 
expected: 201
 but was: 404
[ERROR]   RefundAcceptanceTest.listingIncludesTheMerchantName:107->refundFor:144 
expected: 201
 but was: 404
[ERROR]   RefundAcceptanceTest.ownReceipt:129->refundFor:144 
expected: 201
 but was: 404
[ERROR]   RefundAcceptanceTest.secondRefundForTheSamePaymentConflicts:73 
expected: 409
 but was: 404
[ERROR]   RefundAcceptanceTest.twoStaffApprovingAtTheSameMomentPayOnce:94->refundFor:144 
expected: 201
 but was: 404
[ERROR] Tests run: 11, Failures: 10, Errors: 0, Skipped: 0
[ERROR] Failed to execute goal org.apache.maven.plugins:maven-surefire-plugin:3.5.6:test (default-test) on project payments: There are test failures.
[ERROR] 
[ERROR] See /private/var/folders/h_/06_ktbkn4nsg27pdm9xf9gg40000gn/T/variant-calibration-layering-1coyv6qg/service/target/surefire-reports for the individual test results.
[ERROR] See dump files (if any exist) [date].dump, [date]-jvmRun[N].dump and [date].dumpstream.
[ERROR] -> [Help 1]
[ERROR] 
[ERROR] To see the full stack trace of the errors, re-run Maven with the -e switch.
[ERROR] Re-run Maven using the -X switch to enable full debug logging.
[ERROR] 
[ERROR] For more information about the errors and possible solutions, please read the following articles:
[ERROR] [Help 1] http://cwiki.apache.org/confluence/display/MAVEN/MojoFailureException
